DOT root=/d/PhpstormProjects/www/Gating time=20260126-211344
DOT-FOLDER: /d/PhpstormProjects/www/Gating/.gate
PRIMARY : ps -> /d/PhpstormProjects/www/Gating/.gate/run.ps1
FALLBACK: sh -> /d/PhpstormProjects/www/Gating/.gate/run.sh

============================================================
START  runner=ps  file=/d/PhpstormProjects/www/Gating/.gate/run.ps1
CWD    /d/PhpstormProjects/www/Gating/.gate
TIME   20260126-211349
------------------------------------------------------------
[31;1m\: [0mD:\PhpstormProjects\www\Gating\.gate\run.ps1:1[0m
[31;1m[0m[36;1mLine |[0m
[31;1m[0m[36;1m[36;1m   1 | [0m [36;1m\[0m
[31;1m[0m[36;1m[36;1m[0m[36;1m[0m[36;1m     | [31;1m ~[0m
[31;1m[0m[36;1m[36;1m[0m[36;1m[0m[36;1m[31;1m[31;1m[36;1m     | [31;1mThe term '\' is not recognized as a name of a cmdlet, function, script file, or executable program. Check the spelling of the name, or if a[0m
[31;1m[0m[36;1m[36;1m[0m[36;1m[0m[36;1m[31;1m[31;1m[36;1m[31;1m[36;1m     | [31;1mpath was included, verify that the path is correct and try again.[0m
[31;1m\: [0mD:\PhpstormProjects\www\Gating\.gate\gate.ps1:1[0m
[31;1m[0m[36;1mLine |[0m
[31;1m[0m[36;1m[36;1m   1 | [0m [36;1m\[0m
[31;1m[0m[36;1m[36;1m[0m[36;1m[0m[36;1m     | [31;1m ~[0m
[31;1m[0m[36;1m[36;1m[0m[36;1m[0m[36;1m[31;1m[31;1m[36;1m     | [31;1mThe term '\' is not recognized as a name of a cmdlet, function, script file, or executable program. Check the spelling of the name, or if a[0m
[31;1m[0m[36;1m[36;1m[0m[36;1m[0m[36;1m[31;1m[31;1m[36;1m[31;1m[36;1m     | [31;1mpath was included, verify that the path is correct and try again.[0m
[31;1mparam: [0mD:\PhpstormProjects\www\Gating\.gate\gate.ps1:3[0m
[31;1m[0m[36;1mLine |[0m
[31;1m[0m[36;1m[36;1m   3 | [0m [36;1mparam[0m([0m
[31;1m[0m[36;1m[36;1m[0m[36;1m[0m[36;1m     | [31;1m ~~~~~[0m
[31;1m[0m[36;1m[36;1m[0m[36;1m[0m[36;1m[31;1m[31;1m[36;1m     | [31;1mThe term 'param' is not recognized as a name of a cmdlet, function, script file, or executable program. Check the spelling of the name, or if[0m
[31;1m[0m[36;1m[36;1m[0m[36;1m[0m[36;1m[31;1m[31;1m[36;1m[31;1m[36;1m     | [31;1ma path was included, verify that the path is correct and try again.[0m
[gate] repo=local mode=unknown root=/d/PhpstormProjects/www/Gating

Root contract FAILED:
 - Unexpected dot-folder in root: .canonization
 - Unexpected dot-folder in root: .commanding
 - Unexpected dot-folder in root: .consuming
 - Unexpected dot-folder in root: .gate
 - Unexpected dot-folder in root: .git
 - Unexpected dot-folder in root: .github
 - Unexpected root file: .gitignore
 - Unexpected dot-folder in root: .idea
 - Unexpected dot-folder in root: .intelligence
 - Non-dot folder in root: contract
 - Unexpected root file: gate.ps1
 - Unexpected root file: gate.sh
 - Non-dot folder in root: linting
 - Unexpected root file: MANIFEST.json
 - Non-dot folder in root: policy
 - Non-dot folder in root: quality
 - Unexpected root file: README.md
 - Non-dot folder in root: report
 - Unexpected root file: run.ps1
 - Unexpected root file: run.sh
 - Missing required root file: .gitignore
 - Missing required root file: MANIFEST.json
 - Missing required root file: README.md

[gate] FAIL step=root-contract-check code=2
------------------------------------------------------------
END    runner=ps  rc=2
TIME   20260126-211351
============================================================

============================================================
START  runner=sh  file=/d/PhpstormProjects/www/Gating/.gate/run.sh
CWD    /d/PhpstormProjects/www/Gating/.gate
TIME   20260126-211351
------------------------------------------------------------
[gate] repo=local mode=unknown root=/d/PhpstormProjects/www/Gating/.gate
bash: .gate/contract/sh/root-contract-check.sh: No such file or directory
[gate] FAIL step=root-contract-check code=127
------------------------------------------------------------
END    runner=sh  rc=127
TIME   20260126-211351
============================================================

