DOT root=/d/PhpstormProjects/www/Gating time=20260126-175902
DOT-FOLDER: /d/PhpstormProjects/www/Gating/.gate
PRIMARY : ps -> /d/PhpstormProjects/www/Gating/.gate/run.ps1
FALLBACK: sh -> /d/PhpstormProjects/www/Gating/.gate/run.sh

============================================================
START  runner=ps  file=/d/PhpstormProjects/www/Gating/.gate/run.ps1
CWD    /d/PhpstormProjects/www/Gating/.gate
TIME   20260126-175902
------------------------------------------------------------
[run] gate runner failed: The term 'D:\PhpstormProjects\www\Gating\.gate\.gate\contract\ps1\root-contract-check.ps1' is not recognized as a name of a cmdlet, function, script file, or executable program.
Check the spelling of the name, or if a path was included, verify that the path is correct and try again.
------------------------------------------------------------
END    runner=ps  rc=2
TIME   20260126-175903
============================================================

============================================================
START  runner=sh  file=/d/PhpstormProjects/www/Gating/.gate/run.sh
CWD    /d/PhpstormProjects/www/Gating/.gate
TIME   20260126-175903
------------------------------------------------------------
bash: -/: invalid option
Usage:	bash [GNU long option] [option] ...
	bash [GNU long option] [option] script-file ...
GNU long options:
	--debug
	--debugger
	--dump-po-strings
	--dump-strings
	--help
	--init-file
	--login
	--noediting
	--noprofile
	--norc
	--posix
	--pretty-print
	--protected
	--rcfile
	--restricted
	--verbose
	--version
	--wordexp
Shell options:
	-ilrsD or -c command or -O shopt_option		(invocation only)
	-abefhkmnptuvxBCEHPT or -o option
bash: /d/PhpstormProjects/www/Gating/.gate/.gate/contract/sh/root-contract-check.sh: No such file or directory
------------------------------------------------------------
END    runner=sh  rc=127
TIME   20260126-175903
============================================================

