DOT root=/d/PhpstormProjects/www/Gating time=20260126-175238
DOT-FOLDER: /d/PhpstormProjects/www/Gating/.gate
PRIMARY : ps -> /d/PhpstormProjects/www/Gating/.gate/run.ps1
FALLBACK: sh -> /d/PhpstormProjects/www/Gating/.gate/run.sh

============================================================
START  runner=ps  file=/d/PhpstormProjects/www/Gating/.gate/run.ps1
CWD    /d/PhpstormProjects/www/Gating/.gate
TIME   20260126-175238
------------------------------------------------------------
[31;1mParserError: [0mD:\PhpstormProjects\www\Gating\.gate\run.ps1:4[0m
[31;1m[0m[36;1mLine |[0m
[31;1m[0m[36;1m[36;1m   4 | [0m   [string]$RepoRoot = [36;1m"."[0m,[0m
[31;1m[0m[36;1m[36;1m[0m[36;1m[0m[36;1m     | [31;1m                       ~~~[0m
[31;1m[0m[36;1m[36;1m[0m[36;1m[0m[36;1m[31;1m[31;1m[36;1m     | [31;1mThe assignment expression is not valid. The input to an assignment operator must be an object that is able to[0m
[31;1m[0m[36;1m[36;1m[0m[36;1m[0m[36;1m[31;1m[31;1m[36;1m[31;1m[36;1m     | [31;1maccept assignments, such as a variable or a property.[0m
------------------------------------------------------------
END    runner=ps  rc=1
TIME   20260126-175239
============================================================

============================================================
START  runner=sh  file=/d/PhpstormProjects/www/Gating/.gate/run.sh
CWD    /d/PhpstormProjects/www/Gating/.gate
TIME   20260126-175239
------------------------------------------------------------
[run] missing ./.gate/gate.sh
------------------------------------------------------------
END    runner=sh  rc=2
TIME   20260126-175239
============================================================

